2 4 6 7 1 3 5 8 9
7 9 8 5 4 2 1 6 3
5 1 3 6 8 9 4 7 2
9 2 4 1 5 6 8 3 7
6 3 1 9 7 8 2 4 5
8 7 5 3 2 4 6 9 1
1 6 7 8 3 5 9 2 4
3 8 2 4 9 1 7 5 6
4 5 9 2 6 7 3 1 8
