9 8 3 1 6 2 5 4 7
6 1 2 7 5 4 3 9 8
5 7 4 9 3 8 6 2 1
2 9 1 8 7 6 4 3 5
4 3 8 5 9 1 7 6 2
7 5 6 2 4 3 1 8 9
1 4 5 6 2 9 8 7 3
8 6 9 3 1 7 2 5 4
3 2 7 4 8 5 9 1 6
